../src/LCD_STM32F4.c:23:6:Clear_Screen	16	static
../src/LCD_STM32F4.c:41:6:Set_Cursor	0	static
../src/LCD_STM32F4.c:51:6:Draw_Pixel	0	static
../src/LCD_STM32F4.c:62:6:Draw_Line	32	static
../src/LCD_STM32F4.c:109:6:Draw_Cross	48	static
../src/LCD_STM32F4.c:136:6:Draw_Rect	32	static
../src/LCD_STM32F4.c:151:6:Draw_Full_Rect	24	static
../src/LCD_STM32F4.c:167:6:Draw_Circle	56	static
../src/LCD_STM32F4.c:216:6:Draw_Full_Circle	48	static
../src/LCD_STM32F4.c:260:6:Draw_Char	56	static
../src/LCD_STM32F4.c:285:6:Display_Char	4	static
../src/LCD_STM32F4.c:298:6:Display_String	32	static
../src/LCD_STM32F4.c:318:6:Set_Font	0	static
../src/LCD_STM32F4.c:330:6:Draw_Image	28	static
../src/LCD_STM32F4.c:350:6:Init_LCD	0	static
../src/LCD_STM32F4.c:397:6:Write_Command	0	static
../src/LCD_STM32F4.c:408:6:Write_GDDRAM_Prepare	0	static
../src/LCD_STM32F4.c:418:6:Write_Data	0	static
../src/LCD_STM32F4.c:429:6:Init_GPIO	32	static
../src/LCD_STM32F4.c:531:6:Init_FSMC	104	static
../src/LCD_STM32F4.c:577:6:Init_SysTick	24	static
../src/LCD_STM32F4.c:589:6:Delay_ms	8	static
../src/LCD_STM32F4.c:603:6:TimingDelay_Decrement	0	static
